// Jest Snapshot v1, https://goo.gl/fbAQLP

exports[`calculateTheme 1`] = `
{
  "breakpoints": {
    "between": [Function],
    "down": [Function],
    "keys": [
      "xs",
      "sm",
      "md",
      "lg",
      "xl",
    ],
    "not": [Function],
    "only": [Function],
    "unit": "px",
    "up": [Function],
    "values": {
      "lg": 1200,
      "md": 900,
      "sm": 600,
      "xl": 1536,
      "xs": 0,
    },
  },
  "components": {
    "MuiButton": {
      "styleOverrides": {
        "outlined": {
          "backgroundColor": "transparent",
          "color": "var(--vscode-button-background)",
        },
        "root": {
          "&:hover": {
            "backgroundColor": "var(--vscode-button-hoverBackground)",
            "borderColor": "var(--vscode-tab-inactiveForeground)",
          },
          "backgroundColor": "var(--vscode-button-background)",
          "borderColor": "var(--vscode-editorGhostText-foreground)",
          "color": "var(--vscode-button-foreground)",
        },
      },
    },
    "MuiButtonGroup": {
      "styleOverrides": {
        "grouped": {
          "&:not(:last-of-type)": {
            "borderRight": "1px solid rgba(255, 255, 255, 0.23)",
          },
        },
      },
    },
    "MuiChip": {
      "styleOverrides": {
        "root": {
          "borderRadius": "0px",
        },
      },
    },
    "MuiDialog": {
      "styleOverrides": {
        "paper": {
          "backgroundImage": "none",
        },
      },
    },
    "MuiDialogContent": {
      "styleOverrides": {
        "root": {
          "borderBottom": "1px solid var(--vscode-editorGroup-border)",
          "borderTop": "1px solid var(--vscode-editorGroup-border)",
        },
      },
    },
    "MuiListItem": {
      "styleOverrides": {
        "root": {
          "&:hover": {
            "backgroundColor": "var(--vscode-button-secondaryHoverBackground)",
            "color": "var(--vscode-button-secondaryForeground)",
          },
        },
      },
    },
    "MuiPopover": {
      "styleOverrides": {
        "paper": {
          "backgroundImage": "none",
        },
      },
    },
    "MuiSvgIcon": {
      "defaultProps": {
        "htmlColor": "#c5c5c5",
      },
    },
    "MuiTabs": {
      "styleOverrides": {
        "indicator": {
          "left": 0,
        },
      },
    },
    "MuiTooltip": {
      "styleOverrides": {
        "arrow": {
          "&:before": {
            "color": "var(--vscode-charts-blue)",
          },
        },
        "tooltip": {
          "background": "var(--vscode-charts-blue)",
          "borderRadius": "8px",
        },
      },
    },
  },
  "direction": "ltr",
  "mixins": {
    "toolbar": {
      "@media (min-width:0px)": {
        "@media (orientation: landscape)": {
          "minHeight": 48,
        },
      },
      "@media (min-width:600px)": {
        "minHeight": 64,
      },
      "minHeight": 56,
    },
  },
  "palette": {
    "action": {
      "activatedOpacity": 0.24,
      "active": "#cccccc",
      "disabled": "#3a3d41",
      "disabledBackground": "#3a3d41",
      "disabledOpacity": 0.38,
      "focus": "rgba(255, 255, 255, 0.12)",
      "focusOpacity": 0.12,
      "hover": "rgba(38,79,120,0.25)",
      "hoverOpacity": 0.08,
      "selected": "#264f78",
      "selectedOpacity": 0.16,
    },
    "augmentColor": [Function],
    "background": {
      "default": "#252526",
      "paper": "#252526",
    },
    "common": {
      "black": "#000",
      "white": "#fff",
    },
    "contrastThreshold": 3,
    "divider": "#cccccc",
    "error": {
      "contrastText": "#fff",
      "dark": "#d32f2f",
      "light": "#e57373",
      "main": "#f44336",
    },
    "getContrastText": [Function],
    "grey": {
      "100": "#f5f5f5",
      "200": "#eeeeee",
      "300": "#e0e0e0",
      "400": "#bdbdbd",
      "50": "#fafafa",
      "500": "#9e9e9e",
      "600": "#757575",
      "700": "#616161",
      "800": "#424242",
      "900": "#212121",
      "A100": "#f5f5f5",
      "A200": "#eeeeee",
      "A400": "#bdbdbd",
      "A700": "#616161",
    },
    "info": {
      "contrastText": "rgba(0, 0, 0, 0.87)",
      "dark": "#0288d1",
      "light": "#4fc3f7",
      "main": "#29b6f6",
    },
    "mode": "dark",
    "primary": {
      "contrastText": "#ffffff",
      "dark": "#1177bb",
      "light": "rgb(62, 130, 175)",
      "main": "#0e639c",
    },
    "secondary": {
      "contrastText": "#ffffff",
      "dark": "rgb(168, 53, 53)",
      "light": "rgb(243, 111, 111)",
      "main": "#f14c4c",
    },
    "success": {
      "contrastText": "rgba(0, 0, 0, 0.87)",
      "dark": "#388e3c",
      "light": "#81c784",
      "main": "#66bb6a",
    },
    "text": {
      "disabled": "rgba(255, 255, 255, 0.5)",
      "icon": "rgba(255, 255, 255, 0.5)",
      "primary": "#cccccc",
      "secondary": "#cccccc",
    },
    "tonalOffset": 0.2,
    "warning": {
      "contrastText": "rgba(0, 0, 0, 0.87)",
      "dark": "#f57c00",
      "light": "#ffb74d",
      "main": "#ffa726",
    },
  },
  "shadows": [
    "none",
    "0px 2px 1px -1px rgba(0,0,0,0.2),0px 1px 1px 0px rgba(0,0,0,0.14),0px 1px 3px 0px rgba(0,0,0,0.12)",
    "0px 3px 1px -2px rgba(0,0,0,0.2),0px 2px 2px 0px rgba(0,0,0,0.14),0px 1px 5px 0px rgba(0,0,0,0.12)",
    "0px 3px 3px -2px rgba(0,0,0,0.2),0px 3px 4px 0px rgba(0,0,0,0.14),0px 1px 8px 0px rgba(0,0,0,0.12)",
    "0px 2px 4px -1px rgba(0,0,0,0.2),0px 4px 5px 0px rgba(0,0,0,0.14),0px 1px 10px 0px rgba(0,0,0,0.12)",
    "0px 3px 5px -1px rgba(0,0,0,0.2),0px 5px 8px 0px rgba(0,0,0,0.14),0px 1px 14px 0px rgba(0,0,0,0.12)",
    "0px 3px 5px -1px rgba(0,0,0,0.2),0px 6px 10px 0px rgba(0,0,0,0.14),0px 1px 18px 0px rgba(0,0,0,0.12)",
    "0px 4px 5px -2px rgba(0,0,0,0.2),0px 7px 10px 1px rgba(0,0,0,0.14),0px 2px 16px 1px rgba(0,0,0,0.12)",
    "0px 5px 5px -3px rgba(0,0,0,0.2),0px 8px 10px 1px rgba(0,0,0,0.14),0px 3px 14px 2px rgba(0,0,0,0.12)",
    "0px 5px 6px -3px rgba(0,0,0,0.2),0px 9px 12px 1px rgba(0,0,0,0.14),0px 3px 16px 2px rgba(0,0,0,0.12)",
    "0px 6px 6px -3px rgba(0,0,0,0.2),0px 10px 14px 1px rgba(0,0,0,0.14),0px 4px 18px 3px rgba(0,0,0,0.12)",
    "0px 6px 7px -4px rgba(0,0,0,0.2),0px 11px 15px 1px rgba(0,0,0,0.14),0px 4px 20px 3px rgba(0,0,0,0.12)",
    "0px 7px 8px -4px rgba(0,0,0,0.2),0px 12px 17px 2px rgba(0,0,0,0.14),0px 5px 22px 4px rgba(0,0,0,0.12)",
    "0px 7px 8px -4px rgba(0,0,0,0.2),0px 13px 19px 2px rgba(0,0,0,0.14),0px 5px 24px 4px rgba(0,0,0,0.12)",
    "0px 7px 9px -4px rgba(0,0,0,0.2),0px 14px 21px 2px rgba(0,0,0,0.14),0px 5px 26px 4px rgba(0,0,0,0.12)",
    "0px 8px 9px -5px rgba(0,0,0,0.2),0px 15px 22px 2px rgba(0,0,0,0.14),0px 6px 28px 5px rgba(0,0,0,0.12)",
    "0px 8px 10px -5px rgba(0,0,0,0.2),0px 16px 24px 2px rgba(0,0,0,0.14),0px 6px 30px 5px rgba(0,0,0,0.12)",
    "0px 8px 11px -5px rgba(0,0,0,0.2),0px 17px 26px 2px rgba(0,0,0,0.14),0px 6px 32px 5px rgba(0,0,0,0.12)",
    "0px 9px 11px -5px rgba(0,0,0,0.2),0px 18px 28px 2px rgba(0,0,0,0.14),0px 7px 34px 6px rgba(0,0,0,0.12)",
    "0px 9px 12px -6px rgba(0,0,0,0.2),0px 19px 29px 2px rgba(0,0,0,0.14),0px 7px 36px 6px rgba(0,0,0,0.12)",
    "0px 10px 13px -6px rgba(0,0,0,0.2),0px 20px 31px 3px rgba(0,0,0,0.14),0px 8px 38px 7px rgba(0,0,0,0.12)",
    "0px 10px 13px -6px rgba(0,0,0,0.2),0px 21px 33px 3px rgba(0,0,0,0.14),0px 8px 40px 7px rgba(0,0,0,0.12)",
    "0px 10px 14px -6px rgba(0,0,0,0.2),0px 22px 35px 3px rgba(0,0,0,0.14),0px 8px 42px 7px rgba(0,0,0,0.12)",
    "0px 11px 14px -7px rgba(0,0,0,0.2),0px 23px 36px 3px rgba(0,0,0,0.14),0px 9px 44px 8px rgba(0,0,0,0.12)",
    "0px 11px 15px -7px rgba(0,0,0,0.2),0px 24px 38px 3px rgba(0,0,0,0.14),0px 9px 46px 8px rgba(0,0,0,0.12)",
  ],
  "shape": {
    "borderRadius": 0,
  },
  "spacing": [Function],
  "transitions": {
    "create": [Function],
    "duration": {
      "complex": 375,
      "enteringScreen": 225,
      "leavingScreen": 195,
      "short": 250,
      "shorter": 200,
      "shortest": 150,
      "standard": 300,
    },
    "easing": {
      "easeIn": "cubic-bezier(0.4, 0, 1, 1)",
      "easeInOut": "cubic-bezier(0.4, 0, 0.2, 1)",
      "easeOut": "cubic-bezier(0.0, 0, 0.2, 1)",
      "sharp": "cubic-bezier(0.4, 0, 0.6, 1)",
    },
    "getAutoHeightDuration": [Function],
  },
  "typography": {
    "body1": {
      "fontFamily": "-apple-system,BlinkMacSystemFont,sans-serif",
      "fontSize": "0.9285714285714286rem",
      "fontWeight": "normal",
      "lineHeight": 1.5,
    },
    "body2": {
      "fontFamily": "-apple-system,BlinkMacSystemFont,sans-serif",
      "fontSize": "0.8125rem",
      "fontWeight": "normal",
      "lineHeight": 1.43,
    },
    "button": {
      "fontFamily": "-apple-system,BlinkMacSystemFont,sans-serif",
      "fontSize": "0.8125rem",
      "fontWeight": "normal",
      "lineHeight": 1.75,
      "textTransform": "none",
    },
    "caption": {
      "fontFamily": "-apple-system,BlinkMacSystemFont,sans-serif",
      "fontSize": "0.6964285714285714rem",
      "fontWeight": "normal",
      "lineHeight": 1.66,
    },
    "fontFamily": "-apple-system,BlinkMacSystemFont,sans-serif",
    "fontSize": 13,
    "fontWeightBold": "normal",
    "fontWeightLight": "normal",
    "fontWeightMedium": "normal",
    "fontWeightRegular": "normal",
    "h1": {
      "fontFamily": "-apple-system,BlinkMacSystemFont,sans-serif",
      "fontSize": "5.571428571428571rem",
      "fontWeight": "normal",
      "lineHeight": 1.167,
    },
    "h2": {
      "fontFamily": "-apple-system,BlinkMacSystemFont,sans-serif",
      "fontSize": "3.482142857142857rem",
      "fontWeight": "normal",
      "lineHeight": 1.2,
    },
    "h3": {
      "fontFamily": "-apple-system,BlinkMacSystemFont,sans-serif",
      "fontSize": "2.7857142857142856rem",
      "fontWeight": "normal",
      "lineHeight": 1.167,
    },
    "h4": {
      "fontFamily": "-apple-system,BlinkMacSystemFont,sans-serif",
      "fontSize": "1.9732142857142858rem",
      "fontWeight": "normal",
      "lineHeight": 1.235,
    },
    "h5": {
      "fontFamily": "-apple-system,BlinkMacSystemFont,sans-serif",
      "fontSize": "1.3928571428571428rem",
      "fontWeight": "normal",
      "lineHeight": 1.334,
    },
    "h6": {
      "fontFamily": "-apple-system,BlinkMacSystemFont,sans-serif",
      "fontSize": "1.1607142857142858rem",
      "fontWeight": "normal",
      "lineHeight": 1.6,
    },
    "htmlFontSize": 16,
    "overline": {
      "fontFamily": "-apple-system,BlinkMacSystemFont,sans-serif",
      "fontSize": "0.6964285714285714rem",
      "fontWeight": "normal",
      "lineHeight": 2.66,
      "textTransform": "uppercase",
    },
    "pxToRem": [Function],
    "subtitle1": {
      "fontFamily": "-apple-system,BlinkMacSystemFont,sans-serif",
      "fontSize": "0.9285714285714286rem",
      "fontWeight": "normal",
      "lineHeight": 1.75,
    },
    "subtitle2": {
      "fontFamily": "-apple-system,BlinkMacSystemFont,sans-serif",
      "fontSize": "0.8125rem",
      "fontWeight": "normal",
      "lineHeight": 1.57,
    },
  },
  "unstable_sx": [Function],
  "unstable_sxConfig": {
    "alignContent": {},
    "alignItems": {},
    "alignSelf": {},
    "backgroundColor": {
      "themeKey": "palette",
      "transform": [Function],
    },
    "bgcolor": {
      "cssProperty": "backgroundColor",
      "themeKey": "palette",
      "transform": [Function],
    },
    "border": {
      "themeKey": "borders",
      "transform": [Function],
    },
    "borderBottom": {
      "themeKey": "borders",
      "transform": [Function],
    },
    "borderBottomColor": {
      "themeKey": "palette",
    },
    "borderColor": {
      "themeKey": "palette",
    },
    "borderLeft": {
      "themeKey": "borders",
      "transform": [Function],
    },
    "borderLeftColor": {
      "themeKey": "palette",
    },
    "borderRadius": {
      "style": [Function],
      "themeKey": "shape.borderRadius",
    },
    "borderRight": {
      "themeKey": "borders",
      "transform": [Function],
    },
    "borderRightColor": {
      "themeKey": "palette",
    },
    "borderTop": {
      "themeKey": "borders",
      "transform": [Function],
    },
    "borderTopColor": {
      "themeKey": "palette",
    },
    "bottom": {},
    "boxShadow": {
      "themeKey": "shadows",
    },
    "boxSizing": {},
    "color": {
      "themeKey": "palette",
      "transform": [Function],
    },
    "columnGap": {
      "style": [Function],
    },
    "display": {},
    "displayPrint": {
      "cssProperty": false,
      "transform": [Function],
    },
    "flex": {},
    "flexBasis": {},
    "flexDirection": {},
    "flexGrow": {},
    "flexShrink": {},
    "flexWrap": {},
    "fontFamily": {
      "themeKey": "typography",
    },
    "fontSize": {
      "themeKey": "typography",
    },
    "fontStyle": {
      "themeKey": "typography",
    },
    "fontWeight": {
      "themeKey": "typography",
    },
    "gap": {
      "style": [Function],
    },
    "gridArea": {},
    "gridAutoColumns": {},
    "gridAutoFlow": {},
    "gridAutoRows": {},
    "gridColumn": {},
    "gridRow": {},
    "gridTemplateAreas": {},
    "gridTemplateColumns": {},
    "gridTemplateRows": {},
    "height": {
      "transform": [Function],
    },
    "justifyContent": {},
    "justifyItems": {},
    "justifySelf": {},
    "left": {},
    "letterSpacing": {},
    "lineHeight": {},
    "m": {
      "style": [Function],
    },
    "margin": {
      "style": [Function],
    },
    "marginBlock": {
      "style": [Function],
    },
    "marginBlockEnd": {
      "style": [Function],
    },
    "marginBlockStart": {
      "style": [Function],
    },
    "marginBottom": {
      "style": [Function],
    },
    "marginInline": {
      "style": [Function],
    },
    "marginInlineEnd": {
      "style": [Function],
    },
    "marginInlineStart": {
      "style": [Function],
    },
    "marginLeft": {
      "style": [Function],
    },
    "marginRight": {
      "style": [Function],
    },
    "marginTop": {
      "style": [Function],
    },
    "marginX": {
      "style": [Function],
    },
    "marginY": {
      "style": [Function],
    },
    "maxHeight": {
      "transform": [Function],
    },
    "maxWidth": {
      "style": [Function],
    },
    "mb": {
      "style": [Function],
    },
    "minHeight": {
      "transform": [Function],
    },
    "minWidth": {
      "transform": [Function],
    },
    "ml": {
      "style": [Function],
    },
    "mr": {
      "style": [Function],
    },
    "mt": {
      "style": [Function],
    },
    "mx": {
      "style": [Function],
    },
    "my": {
      "style": [Function],
    },
    "order": {},
    "overflow": {},
    "p": {
      "style": [Function],
    },
    "padding": {
      "style": [Function],
    },
    "paddingBlock": {
      "style": [Function],
    },
    "paddingBlockEnd": {
      "style": [Function],
    },
    "paddingBlockStart": {
      "style": [Function],
    },
    "paddingBottom": {
      "style": [Function],
    },
    "paddingInline": {
      "style": [Function],
    },
    "paddingInlineEnd": {
      "style": [Function],
    },
    "paddingInlineStart": {
      "style": [Function],
    },
    "paddingLeft": {
      "style": [Function],
    },
    "paddingRight": {
      "style": [Function],
    },
    "paddingTop": {
      "style": [Function],
    },
    "paddingX": {
      "style": [Function],
    },
    "paddingY": {
      "style": [Function],
    },
    "pb": {
      "style": [Function],
    },
    "pl": {
      "style": [Function],
    },
    "position": {},
    "pr": {
      "style": [Function],
    },
    "pt": {
      "style": [Function],
    },
    "px": {
      "style": [Function],
    },
    "py": {
      "style": [Function],
    },
    "right": {},
    "rowGap": {
      "style": [Function],
    },
    "textAlign": {},
    "textOverflow": {},
    "textTransform": {},
    "top": {},
    "typography": {
      "cssProperty": false,
      "themeKey": "typography",
    },
    "visibility": {},
    "whiteSpace": {},
    "width": {
      "transform": [Function],
    },
    "zIndex": {
      "themeKey": "zIndex",
    },
  },
  "zIndex": {
    "appBar": 1100,
    "drawer": 1200,
    "fab": 1050,
    "mobileStepper": 1000,
    "modal": 1300,
    "snackbar": 1400,
    "speedDial": 1050,
    "tooltip": 1500,
  },
}
`;
