// Jest Snapshot v1, https://goo.gl/fbAQLP

exports[`getRawPackument 1`] = `
{
  "dist-tags": {
    "latest": "0.1.0",
  },
  "homepage": "https://homepage.com",
  "repository": "https://github.com/repo",
  "versions": {
    "0.1.0": {
      "version": "0.1.0",
    },
  },
}
`;

exports[`pullRemoteRegistry 1`] = `
{
  "bar": {
    "homepage": "https://homepage.com",
    "latestVersion": "0.1.0",
    "repository": "https://github.com/repo",
  },
  "foo": {
    "homepage": "https://homepage.com",
    "latestVersion": "0.1.0",
    "repository": "https://github.com/repo",
  },
}
`;
